2017-11-30T14:33:28.752887+00:00 heroku[router]: at=info method=GET path="/load_first_order.js?shop=wet-nose-boutique.myshopify.com" host=firstorder.herokuapp.com request_id=d9dd4845-0824-4edc-bba0-25b3d47bf7d5 fwd="86.179.31.208" dyno=web.1 connect=0ms service=8ms status=200 bytes=24826 protocol=https
2017-11-30T14:33:46.785788+00:00 heroku[router]: at=info method=GET path="/load_first_order.js?shop=white-heart-boutique.myshopify.com" host=firstorder.herokuapp.com request_id=6368835e-a578-482d-b0e8-a8e8ebc3b8b7 fwd="192.99.67.12" dyno=web.1 connect=0ms service=8ms status=200 bytes=24862 protocol=https
2017-11-30T14:34:10.866679+00:00 heroku[router]: at=info method=GET path="/load_first_order.js?shop=white-heart-boutique.myshopify.com" host=firstorder.herokuapp.com request_id=c4b94668-f880-4435-af94-954c1176d11f fwd="192.99.67.12" dyno=web.1 connect=0ms service=8ms status=200 bytes=24862 protocol=https
2017-11-30T14:34:34.552654+00:00 heroku[router]: at=info method=GET path="/load_first_order.js?shop=barn-fox.myshopify.com" host=firstorder.herokuapp.com request_id=acfb2b41-a733-4e15-ac9c-8ad6e7ce0b2b fwd="78.189.84.198" dyno=web.1 connect=0ms service=7ms status=200 bytes=24824 protocol=https
2017-11-30T14:34:36.043450+00:00 heroku[router]: at=info method=GET path="/load_first_order.js?shop=wet-nose-boutique.myshopify.com" host=firstorder.herokuapp.com request_id=e3438c4a-051f-4c9e-becd-dd7c491a7630 fwd="86.179.31.208" dyno=web.1 connect=0ms service=10ms status=200 bytes=24826 protocol=https
2017-11-30T14:34:36.498812+00:00 app[web.1]: redirecting to shopify for authentication
2017-11-30T14:34:36.499924+00:00 heroku[router]: at=info method=GET path="/proxy/?shop=wet-nose-boutique.myshopify.com&path_prefix=%2Fapps%2Ftest&timestamp=1512052476&signature=8af3c5f4cb2bf6c95f4803e88270dca9be672ad3d39a77a534f944c60fdfeb52" host=firstorder.herokuapp.com request_id=7c07fa5f-3955-412d-9776-f95d1ec1ca8e fwd="86.179.31.208, 172.20.168.32,23.227.55.102" dyno=web.1 connect=0ms service=3ms status=200 bytes=2427 protocol=https
2017-11-30T14:34:39.996352+00:00 heroku[router]: at=info method=GET path="/load_first_order.js?shop=sanj-apparel.myshopify.com" host=firstorder.herokuapp.com request_id=491c4763-0e1f-4e24-9ae4-79931fb5361b fwd="66.249.66.5" dyno=web.1 connect=0ms service=8ms status=200 bytes=24836 protocol=https
2017-11-30T14:34:40.326061+00:00 heroku[router]: at=info method=GET path="/proxy/?shop=sanj-apparel.myshopify.com&path_prefix=%2Fapps%2Ftest&timestamp=1512052480&signature=56147d48b0d010587024fcf9cb715bbd07664d3600b7ad86e46174d2cb22cc1a" host=firstorder.herokuapp.com request_id=3c86f5cb-1c97-4b98-950a-9046e4f9b1a6 fwd="66.249.65.212, 173.245.50.96, 172.20.8.27,23.227.55.102" dyno=web.1 connect=0ms service=4ms status=200 bytes=2427 protocol=https
2017-11-30T14:34:40.324971+00:00 app[web.1]: redirecting to shopify for authentication
2017-11-30T14:35:00.080500+00:00 heroku[router]: at=info method=GET path="/load_first_order.js?shop=wet-nose-boutique.myshopify.com" host=firstorder.herokuapp.com request_id=bbc5b3fa-d74b-456e-8eca-417009fb04f3 fwd="86.179.31.208" dyno=web.1 connect=0ms service=8ms status=200 bytes=24826 protocol=https
2017-11-30T14:35:00.467238+00:00 heroku[router]: at=info method=GET path="/proxy/?shop=wet-nose-boutique.myshopify.com&path_prefix=%2Fapps%2Ftest&timestamp=1512052500&signature=ad27b294f29afeb75523129b80c55403604ce68a1e6603bdd46ccf801d051902" host=firstorder.herokuapp.com request_id=3daf0fe3-b523-4535-a2a9-33ba753855d9 fwd="86.179.31.208, 172.20.168.32,23.227.55.102" dyno=web.1 connect=0ms service=2ms status=200 bytes=2427 protocol=https
2017-11-30T14:35:00.466296+00:00 app[web.1]: redirecting to shopify for authentication
2017-11-30T14:38:11.419695+00:00 heroku[router]: at=info method=GET path="/load_first_order.js?shop=barn-fox.myshopify.com" host=firstorder.herokuapp.com request_id=051e65c7-610a-442a-bdf9-116e1ded586d fwd="78.189.138.246" dyno=web.1 connect=0ms service=7ms status=200 bytes=24824 protocol=https
2017-11-30T14:38:11.800548+00:00 heroku[router]: at=info method=GET path="/load_first_order.js?shop=barn-fox.myshopify.com" host=firstorder.herokuapp.com request_id=248ad680-3fcf-4144-91ff-e7cc5c99f420 fwd="78.189.138.246" dyno=web.1 connect=0ms service=9ms status=200 bytes=24824 protocol=https
2017-11-30T14:38:12.291314+00:00 heroku[router]: at=info method=GET path="/load_first_order.js?shop=barn-fox.myshopify.com" host=firstorder.herokuapp.com request_id=e6e9b717-4bff-4203-9b14-97515bba4b03 fwd="78.189.138.246" dyno=web.1 connect=0ms service=7ms status=200 bytes=24824 protocol=https
2017-11-30T14:39:01.677155+00:00 heroku[router]: at=info method=GET path="/load_first_order.js?shop=barn-fox.myshopify.com" host=firstorder.herokuapp.com request_id=8b475885-d13b-4bdc-b94b-0d88a8033c61 fwd="78.189.138.246" dyno=web.1 connect=0ms service=8ms status=200 bytes=24824 protocol=https
2017-11-30T14:39:13.000397+00:00 heroku[router]: at=info method=GET path="/load_first_order.js?shop=barn-fox.myshopify.com" host=firstorder.herokuapp.com request_id=76099a7c-9539-4fc0-803f-8071780fc35d fwd="78.189.138.246" dyno=web.1 connect=0ms service=8ms status=200 bytes=24824 protocol=https
2017-11-30T14:39:32.653436+00:00 heroku[router]: at=info method=GET path="/load_first_order.js?shop=barn-fox.myshopify.com" host=firstorder.herokuapp.com request_id=ffabaa83-7df3-4409-957c-0c4b55ffdf92 fwd="78.189.138.246" dyno=web.1 connect=0ms service=11ms status=200 bytes=24824 protocol=https
2017-11-30T14:39:42.967664+00:00 heroku[router]: at=info method=GET path="/load_first_order.js?shop=sanj-apparel.myshopify.com" host=firstorder.herokuapp.com request_id=8bf8e0a0-67e8-401f-8e86-140e0e75c47d fwd="66.249.66.30" dyno=web.1 connect=0ms service=8ms status=200 bytes=24836 protocol=https
2017-11-30T14:39:44.941041+00:00 heroku[router]: at=info method=GET path="/load_first_order.js?shop=barn-fox.myshopify.com" host=firstorder.herokuapp.com request_id=7cc586e6-a08c-434a-b750-36a4c270dcf4 fwd="78.189.138.246" dyno=web.1 connect=0ms service=11ms status=200 bytes=24824 protocol=https
2017-11-30T14:39:46.955857+00:00 heroku[router]: at=info method=GET path="/load_first_order.js?shop=barn-fox.myshopify.com" host=firstorder.herokuapp.com request_id=55ccaede-2250-40a3-b39a-d60f891a0acd fwd="78.189.138.246" dyno=web.1 connect=1ms service=10ms status=200 bytes=24824 protocol=https
2017-11-30T14:39:48.406811+00:00 heroku[router]: at=info method=GET path="/load_first_order.js?shop=barn-fox.myshopify.com" host=firstorder.herokuapp.com request_id=6d3398e0-4136-41a0-947d-a6595b388862 fwd="78.189.138.246" dyno=web.1 connect=0ms service=7ms status=200 bytes=24824 protocol=https
2017-11-30T14:39:54.148474+00:00 heroku[router]: at=info method=GET path="/load_first_order.js?shop=sanj-apparel.myshopify.com" host=firstorder.herokuapp.com request_id=febc3b1a-2d44-485c-afb8-85b1541db96c fwd="66.249.66.30" dyno=web.1 connect=0ms service=7ms status=200 bytes=24836 protocol=https
2017-11-30T14:39:54.439658+00:00 heroku[router]: at=info method=GET path="/load_first_order.js?shop=barn-fox.myshopify.com" host=firstorder.herokuapp.com request_id=7ef26a2b-3bf7-4162-9450-30ad43390b08 fwd="78.189.138.246" dyno=web.1 connect=0ms service=10ms status=200 bytes=24824 protocol=https
2017-11-30T14:39:55.973543+00:00 heroku[router]: at=info method=GET path="/load_first_order.js?shop=barn-fox.myshopify.com" host=firstorder.herokuapp.com request_id=4f31d68c-38c1-47e4-b37d-71498ba1410e fwd="78.189.138.246" dyno=web.1 connect=0ms service=10ms status=200 bytes=24824 protocol=https
2017-11-30T14:40:04.072955+00:00 heroku[router]: at=info method=GET path="/load_first_order.js?shop=barn-fox.myshopify.com" host=firstorder.herokuapp.com request_id=1be760b5-ad04-40c1-a9be-f52f577e8414 fwd="78.189.138.246" dyno=web.1 connect=0ms service=8ms status=200 bytes=24824 protocol=https
2017-11-30T14:40:04.885588+00:00 heroku[router]: at=info method=GET path="/load_first_order.js?shop=sanj-apparel.myshopify.com" host=firstorder.herokuapp.com request_id=96a550b9-ccaa-4a57-89d9-e5e70f5bcbad fwd="66.249.66.30" dyno=web.1 connect=0ms service=9ms status=200 bytes=24836 protocol=https
2017-11-30T14:40:08.035256+00:00 heroku[router]: at=info method=GET path="/load_first_order.js?shop=barn-fox.myshopify.com" host=firstorder.herokuapp.com request_id=23347ea7-3c36-43b7-a6ae-07b86235b018 fwd="78.189.138.246" dyno=web.1 connect=0ms service=8ms status=200 bytes=24824 protocol=https
2017-11-30T14:40:37.049104+00:00 heroku[router]: at=info method=GET path="/load_first_order.js?shop=sanj-apparel.myshopify.com" host=firstorder.herokuapp.com request_id=f9504265-958c-4966-900b-d2d20533dcb9 fwd="66.249.66.30" dyno=web.1 connect=0ms service=8ms status=200 bytes=24836 protocol=https
2017-11-30T14:40:38.188962+00:00 heroku[router]: at=info method=GET path="/load_first_order.js?shop=sanj-apparel.myshopify.com" host=firstorder.herokuapp.com request_id=6874b490-0622-4dee-a3d0-d684f5cba2af fwd="66.249.66.30" dyno=web.1 connect=0ms service=8ms status=200 bytes=24836 protocol=https
2017-11-30T14:41:13.793053+00:00 heroku[router]: at=info method=GET path="/load_first_order.js?shop=golf-grinds.myshopify.com" host=firstorder.herokuapp.com request_id=a68dec0b-f332-47fc-a63b-c976435aa7c8 fwd="209.202.75.15" dyno=web.1 connect=0ms service=14ms status=200 bytes=24800 protocol=https
2017-11-30T14:41:14.045369+00:00 heroku[router]: at=info method=GET path="/proxy/?shop=golf-grinds.myshopify.com&path_prefix=%2Fapps%2Ftest&timestamp=1512052873&signature=95f96a4b6acc557e3caef82c3365889359e5c028ac779d5f5078512c10d6f7cc" host=firstorder.herokuapp.com request_id=957bf3b7-d0d1-4f73-9c36-8118c57db49a fwd="209.202.75.15, 172.24.169.37,23.227.37.115" dyno=web.1 connect=1ms service=4ms status=200 bytes=2427 protocol=https
2017-11-30T14:41:14.042595+00:00 app[web.1]: redirecting to shopify for authentication
2017-11-30T14:42:11.677066+00:00 heroku[router]: at=info method=GET path="/load_first_order.js?shop=sanj-apparel.myshopify.com" host=firstorder.herokuapp.com request_id=1a9100d0-c12c-4b94-a4aa-5b9a6e0077dd fwd="66.249.66.8" dyno=web.1 connect=0ms service=8ms status=200 bytes=24836 protocol=https
2017-11-30T14:42:12.287413+00:00 heroku[router]: at=info method=GET path="/proxy/?shop=sanj-apparel.myshopify.com&path_prefix=%2Fapps%2Ftest&timestamp=1512052932&signature=0ee197ea0ad49d2ae953142a14a86b3d78a973a19e36d3c051f44d27a3e5cc4c" host=firstorder.herokuapp.com request_id=f36318be-58cc-4d2c-ae57-9a1e3310f52f fwd="66.249.65.212, 173.245.50.96, 172.20.32.19,23.227.55.100" dyno=web.1 connect=0ms service=3ms status=200 bytes=2427 protocol=https
2017-11-30T14:42:12.285145+00:00 app[web.1]: redirecting to shopify for authentication
2017-11-30T14:43:24.809604+00:00 heroku[router]: at=info method=GET path="/load_first_order.js?shop=sensuelles.myshopify.com" host=firstorder.herokuapp.com request_id=9e62462d-eca3-4f4a-9862-8e96d96bfcfa fwd="192.247.12.206" dyno=web.1 connect=0ms service=9ms status=200 bytes=24830 protocol=https
2017-11-30T14:43:25.102850+00:00 heroku[router]: at=info method=GET path="/proxy/?shop=sensuelles.myshopify.com&path_prefix=%2Fapps%2Ftest&timestamp=1512053004&signature=2e9a2f30fe639af11f5b123fafcef13b866032eeee33d4ec62ab0103d8455c9c" host=firstorder.herokuapp.com request_id=2aed632d-2b08-4918-b9d2-41941189fe36 fwd="192.247.12.206, 172.24.168.37,23.227.37.115" dyno=web.1 connect=0ms service=2ms status=200 bytes=2427 protocol=https
2017-11-30T14:43:25.101515+00:00 app[web.1]: redirecting to shopify for authentication
2017-11-30T14:43:29.711934+00:00 heroku[router]: at=info method=GET path="/load_first_order.js?shop=paradisepluscurves.myshopify.com" host=firstorder.herokuapp.com request_id=80d09db5-bd7e-4f78-8ec3-548b840e2502 fwd="42.107.19.201" dyno=web.1 connect=0ms service=7ms status=200 bytes=24869 protocol=https
2017-11-30T14:43:35.541525+00:00 heroku[router]: at=info method=GET path="/load_first_order.js?shop=sanj-apparel.myshopify.com" host=firstorder.herokuapp.com request_id=e4b3e635-12b6-4af6-8e70-d624dfdc3aab fwd="66.249.66.4" dyno=web.1 connect=0ms service=8ms status=200 bytes=24836 protocol=https
2017-11-30T14:43:38.921580+00:00 heroku[router]: at=info method=GET path="/load_first_order.js?shop=sanj-apparel.myshopify.com" host=firstorder.herokuapp.com request_id=306c087c-60b2-4665-b7bc-53fe040aff62 fwd="66.249.66.29" dyno=web.1 connect=0ms service=27ms status=200 bytes=24836 protocol=https
2017-11-30T14:43:40.581602+00:00 heroku[router]: at=info method=GET path="/proxy/?shop=sanj-apparel.myshopify.com&path_prefix=%2Fapps%2Ftest&timestamp=1512053020&signature=397bb4782b131f092cb20eacd2c3131970987051bad5ad2a369e5e21ff4c441e" host=firstorder.herokuapp.com request_id=948eb62c-4ce9-40b5-a047-59aeb346eeb2 fwd="66.249.65.219, 173.245.50.96, 172.20.80.246,23.227.55.100" dyno=web.1 connect=0ms service=2ms status=200 bytes=2427 protocol=https
2017-11-30T14:43:40.580135+00:00 app[web.1]: redirecting to shopify for authentication
2017-11-30T14:43:45.573114+00:00 heroku[router]: at=info method=GET path="/load_first_order.js?shop=sanj-apparel.myshopify.com" host=firstorder.herokuapp.com request_id=1f77217f-dbc9-4e57-ae16-5d68c3a53d00 fwd="66.249.66.29" dyno=web.1 connect=0ms service=9ms status=200 bytes=24836 protocol=https
2017-11-30T14:43:45.797747+00:00 heroku[router]: at=info method=GET path="/proxy/?shop=sanj-apparel.myshopify.com&path_prefix=%2Fapps%2Ftest&timestamp=1512053025&signature=6bf6fb186a23657620e2eb0e1ecc909f098e066c39227b1ed6145f28cf39a0cc" host=firstorder.herokuapp.com request_id=b7fc5447-a25d-4c4a-a368-db3ad69bc69f fwd="66.249.65.219, 173.245.50.96, 172.20.80.246,23.227.55.100" dyno=web.1 connect=1ms service=2ms status=200 bytes=2427 protocol=https
2017-11-30T14:43:45.796061+00:00 app[web.1]: redirecting to shopify for authentication
2017-11-30T14:43:51.799376+00:00 heroku[router]: at=info method=GET path="/load_first_order.js?shop=sensuelles.myshopify.com" host=firstorder.herokuapp.com request_id=ce93e996-e930-4612-aa92-d1c39b8a82ef fwd="24.122.96.68" dyno=web.1 connect=0ms service=9ms status=200 bytes=24830 protocol=https
2017-11-30T14:44:31.504892+00:00 heroku[router]: at=info method=GET path="/load_first_order.js?shop=sanj-apparel.myshopify.com" host=firstorder.herokuapp.com request_id=b059dec4-5766-40d9-b92f-9e0eb4737d42 fwd="66.249.66.29" dyno=web.1 connect=0ms service=8ms status=200 bytes=24836 protocol=https
2017-11-30T14:44:32.074172+00:00 heroku[router]: at=info method=GET path="/proxy/?shop=sanj-apparel.myshopify.com&path_prefix=%2Fapps%2Ftest&timestamp=1512053072&signature=c5006634abbde596311e2df28923cee6747810b2708ad98443953cb4be34f477" host=firstorder.herokuapp.com request_id=9a42700d-d51c-4f35-989e-51db30cd2b16 fwd="66.249.65.219, 173.245.50.96, 172.20.80.246,23.227.55.100" dyno=web.1 connect=1ms service=3ms status=200 bytes=2427 protocol=https
2017-11-30T14:44:32.072181+00:00 app[web.1]: redirecting to shopify for authentication
2017-11-30T14:45:00.534767+00:00 heroku[router]: at=info method=GET path="/load_first_order.js?shop=sanj-apparel.myshopify.com" host=firstorder.herokuapp.com request_id=0a020b4f-4afd-435e-9712-21ad87c0ff71 fwd="66.249.66.5" dyno=web.1 connect=0ms service=7ms status=200 bytes=24836 protocol=https
2017-11-30T14:45:01.510880+00:00 heroku[router]: at=info method=GET path="/proxy/?shop=sanj-apparel.myshopify.com&path_prefix=%2Fapps%2Ftest&timestamp=1512053101&signature=dd4f036e2df80ada40770489a79fa937c8ea5921fb1074537fed6c5e8c17b235" host=firstorder.herokuapp.com request_id=5aadcb94-90ad-4ec8-9f19-5b6634724318 fwd="66.249.65.219, 173.245.50.96, 172.20.80.246,23.227.55.100" dyno=web.1 connect=1ms service=3ms status=200 bytes=2427 protocol=https
2017-11-30T14:45:01.508843+00:00 app[web.1]: redirecting to shopify for authentication
2017-11-30T14:45:10.454204+00:00 heroku[router]: at=info method=GET path="/load_first_order.js?shop=sanj-apparel.myshopify.com" host=firstorder.herokuapp.com request_id=0af1d1a8-f485-49c9-9e48-c1dff6c2f03a fwd="66.249.66.1" dyno=web.1 connect=0ms service=8ms status=200 bytes=24836 protocol=https
2017-11-30T14:45:11.003394+00:00 heroku[router]: at=info method=GET path="/proxy/?shop=sanj-apparel.myshopify.com&path_prefix=%2Fapps%2Ftest&timestamp=1512053110&signature=b216ee0f659b56feacdbc878557ca68225299a851cad5863ca1183e506883d96" host=firstorder.herokuapp.com request_id=9fa0970c-76ad-4cb2-8fa0-336ec9ec67f8 fwd="66.249.65.219, 173.245.50.96, 172.20.80.246,23.227.55.100" dyno=web.1 connect=0ms service=5ms status=200 bytes=2427 protocol=https
2017-11-30T14:45:11.000418+00:00 app[web.1]: redirecting to shopify for authentication
2017-11-30T14:45:14.856038+00:00 heroku[router]: at=info method=GET path="/load_first_order.js?shop=sanj-apparel.myshopify.com" host=firstorder.herokuapp.com request_id=aa41539e-fbc6-4b65-b1ed-5e79aa8b4ded fwd="66.249.66.1" dyno=web.1 connect=0ms service=7ms status=200 bytes=24836 protocol=https
2017-11-30T14:45:15.037687+00:00 heroku[router]: at=info method=GET path="/proxy/?shop=sanj-apparel.myshopify.com&path_prefix=%2Fapps%2Ftest&timestamp=1512053115&signature=c205cdb9adeef56eac6f7198e113c0f36aa6b209c2af28a2d6231d808679cbb3" host=firstorder.herokuapp.com request_id=cac40213-1e0d-438d-98f6-8025c5713025 fwd="66.249.65.219, 173.245.50.96, 172.20.80.246,23.227.55.100" dyno=web.1 connect=0ms service=2ms status=200 bytes=2427 protocol=https
2017-11-30T14:45:15.035366+00:00 app[web.1]: redirecting to shopify for authentication
2017-11-30T14:45:41.854848+00:00 heroku[router]: at=info method=GET path="/load_first_order.js?shop=sanj-apparel.myshopify.com" host=firstorder.herokuapp.com request_id=1899de1e-059b-4773-a7a3-904d352b77f7 fwd="70.195.214.3" dyno=web.1 connect=1ms service=8ms status=200 bytes=24836 protocol=https
2017-11-30T14:45:42.511126+00:00 heroku[router]: at=info method=GET path="/proxy/?shop=sanj-apparel.myshopify.com&path_prefix=%2Fapps%2Ftest&timestamp=1512053142&signature=259c039a201069dd0bc379c0e4285e2c828d04556c809ff732467d8443ee44c9" host=firstorder.herokuapp.com request_id=0303c0d4-e937-4fa7-863c-0249c6fc2b7c fwd="2600:100c:b009:3fba:f857:2fd5:f4df:9675, 173.245.50.66, 172.20.16.26,23.227.55.100" dyno=web.1 connect=0ms service=2ms status=200 bytes=2427 protocol=https
2017-11-30T14:45:42.509731+00:00 app[web.1]: redirecting to shopify for authentication
2017-11-30T14:46:26.194567+00:00 heroku[router]: at=info method=GET path="/load_first_order.js?shop=sanj-apparel.myshopify.com" host=firstorder.herokuapp.com request_id=7e7b21e4-c85d-4b45-9726-a53813416762 fwd="66.249.66.20" dyno=web.1 connect=0ms service=14ms status=200 bytes=24836 protocol=https
2017-11-30T14:46:26.682571+00:00 heroku[router]: at=info method=GET path="/proxy/?shop=sanj-apparel.myshopify.com&path_prefix=%2Fapps%2Ftest&timestamp=1512053186&signature=eed1c70313df677ed7834bd5cdc04b99a7f161f85a6b6f82c4adb0c24c37a9ee" host=firstorder.herokuapp.com request_id=d79d29f6-e2ed-41a2-89b6-1f4fb074a84d fwd="66.249.65.219, 173.245.50.96, 172.20.64.40,23.227.55.100" dyno=web.1 connect=1ms service=4ms status=200 bytes=2427 protocol=https
2017-11-30T14:46:26.679946+00:00 app[web.1]: redirecting to shopify for authentication
2017-11-30T14:50:40.781544+00:00 heroku[router]: at=info method=GET path="/load_first_order.js?shop=paradisepluscurves.myshopify.com" host=firstorder.herokuapp.com request_id=15fcc725-aaec-48a1-9149-34d08de145cf fwd="99.203.17.202" dyno=web.1 connect=0ms service=7ms status=200 bytes=24869 protocol=https
2017-11-30T14:50:57.431931+00:00 heroku[router]: at=info method=GET path="/load_first_order.js?shop=paradisepluscurves.myshopify.com" host=firstorder.herokuapp.com request_id=f869c6a7-8b82-4d2b-8669-0d4572fd6c62 fwd="99.203.17.202" dyno=web.1 connect=0ms service=12ms status=200 bytes=24869 protocol=https
2017-11-30T14:50:57.737554+00:00 heroku[router]: at=info method=GET path="/proxy/?shop=paradisepluscurves.myshopify.com&path_prefix=%2Fapps%2Ftest&timestamp=1512053457&signature=751adbf0b923c86c2c468728c7030d1f16507f14c80ca745e78adf9a547fc7fe" host=firstorder.herokuapp.com request_id=918d8de2-4bbf-4f50-a497-d8f82311a3b6 fwd="99.203.17.202, 172.20.72.237,23.227.55.102" dyno=web.1 connect=2ms service=5ms status=200 bytes=2427 protocol=https
2017-11-30T14:50:57.725128+00:00 app[web.1]: redirecting to shopify for authentication
2017-11-30T14:51:09.252310+00:00 heroku[router]: at=info method=GET path="/load_first_order.js?shop=paradisepluscurves.myshopify.com" host=firstorder.herokuapp.com request_id=48dd3a4c-87f8-40ce-b50f-b8ef2eea3459 fwd="99.203.17.202" dyno=web.1 connect=0ms service=7ms status=200 bytes=24869 protocol=https
2017-11-30T14:51:12.000000+00:00 app[api]: Build started by user yeoenggu@gmail.com
2017-11-30T14:51:19.968000+00:00 heroku[router]: at=info method=GET path="/load_first_order.js?shop=barn-fox.myshopify.com" host=firstorder.herokuapp.com request_id=bb1e3de0-d30b-41a3-9dd6-179272a47d97 fwd="78.189.84.198" dyno=web.1 connect=0ms service=7ms status=200 bytes=24824 protocol=https
2017-11-30T14:51:29.932387+00:00 app[api]: Release v80 created by user yeoenggu@gmail.com
2017-11-30T14:51:30.156616+00:00 heroku[resque.1]: Restarting
2017-11-30T14:51:30.157965+00:00 heroku[resque.1]: State changed from up to starting
2017-11-30T14:51:29.932387+00:00 app[api]: Deploy 7ae3a96a by user yeoenggu@gmail.com
2017-11-30T14:51:30.296758+00:00 heroku[web.1]: Restarting
2017-11-30T14:51:30.300328+00:00 heroku[web.1]: State changed from up to starting
2017-11-30T14:51:12.000000+00:00 app[api]: Build succeeded
2017-11-30T14:51:31.189661+00:00 heroku[resque.1]: Stopping all processes with SIGTERM
2017-11-30T14:51:31.231327+00:00 heroku[web.1]: Stopping all processes with SIGTERM
2017-11-30T14:51:31.255075+00:00 app[web.1]: === puma shutdown: 2017-11-30 14:51:31 +0000 ===
2017-11-30T14:51:31.255078+00:00 app[web.1]: - Goodbye!
2017-11-30T14:51:31.254974+00:00 app[web.1]: - Gracefully stopping, waiting for requests to finish
2017-11-30T14:51:31.871270+00:00 heroku[web.1]: Process exited with status 0
2017-11-30T14:51:32.868462+00:00 heroku[web.1]: Starting process with command `bundle exec rackup config.ru -p 33269`
2017-11-30T14:51:34.373791+00:00 heroku[resque.1]: Starting process with command `env TERM_CHILD=1 RESQUE_TERM_TIMEOUT=7 QUEUE=* bundle exec rake resque:work`
2017-11-30T14:51:35.139500+00:00 heroku[resque.1]: State changed from starting to up
2017-11-30T14:51:35.951577+00:00 app[web.1]: * Version 3.7.0 (ruby 2.3.0-p0), codename: Snowy Sagebrush
2017-11-30T14:51:35.951578+00:00 app[web.1]: * Min threads: 0, max threads: 16
2017-11-30T14:51:35.951579+00:00 app[web.1]: * Environment: production
2017-11-30T14:51:35.951553+00:00 app[web.1]: Puma starting in single mode...
2017-11-30T14:51:35.951636+00:00 app[web.1]: * Listening on tcp://0.0.0.0:33269
2017-11-30T14:51:35.951796+00:00 app[web.1]: Use Ctrl-C to stop
2017-11-30T14:51:36.106365+00:00 heroku[resque.1]: Process exited with status 0
2017-11-30T14:51:36.168564+00:00 heroku[web.1]: State changed from starting to up
2017-11-30T14:51:46.395333+00:00 heroku[router]: at=info method=GET path="/load_first_order.js?shop=sanj-apparel.myshopify.com" host=firstorder.herokuapp.com request_id=ff1f5baf-803b-4ee5-aead-8e161ccaa658 fwd="66.249.66.12" dyno=web.1 connect=0ms service=95ms status=200 bytes=25697 protocol=https
2017-11-30T14:51:47.338100+00:00 heroku[router]: at=info method=GET path="/proxy/?shop=sanj-apparel.myshopify.com&path_prefix=%2Fapps%2Ftest&timestamp=1512053507&signature=59dc5d85cd4a5f7d44a63a5ceeef7229af7b089fe6b88b1ee44d8910d4a44f4d" host=firstorder.herokuapp.com request_id=1557c636-37b1-464f-8be7-82c76d14bbae fwd="66.249.65.212, 173.245.50.96, 172.20.80.246,23.227.55.102" dyno=web.1 connect=0ms service=4ms status=200 bytes=2427 protocol=https
2017-11-30T14:51:47.330383+00:00 app[web.1]: redirecting to shopify for authentication
2017-11-30T14:51:54.600395+00:00 heroku[router]: at=info method=GET path="/?hmac=bfd958cc09e4d78ba15cec2157aa9cfde085bf1f40bd0c437715326038b5c2c0&shop=sg-drinks-party.myshopify.com&timestamp=1512053513" host=firstorder.herokuapp.com request_id=bdc23839-3817-4ad1-8e68-44fad1627b66 fwd="175.156.198.141" dyno=web.1 connect=1ms service=5ms status=200 bytes=2464 protocol=https
2017-11-30T14:51:54.590757+00:00 app[web.1]: redirecting to shopify for authentication
2017-11-30T14:51:55.053814+00:00 heroku[router]: at=info method=GET path="/favicon.ico" host=firstorder.herokuapp.com request_id=79375834-b2cd-47de-a77f-78f5d6b5ec87 fwd="175.156.198.141" dyno=web.1 connect=1ms service=2ms status=404 bytes=1378 protocol=https
2017-11-30T14:51:54.993389+00:00 app[web.1]: I, [2017-11-30T14:51:54.993346 #4]  INFO -- omniauth: (shopify) Request phase initiated.
2017-11-30T14:51:54.993215+00:00 app[web.1]: I, [2017-11-30T14:51:54.993115 #4]  INFO -- omniauth: (shopify) Setup endpoint detected, running now.
2017-11-30T14:51:55.005485+00:00 heroku[router]: at=info method=GET path="/auth/shopify?shop=sg-drinks-party.myshopify.com&return_to=https://firstorder.herokuapp.com/" host=firstorder.herokuapp.com request_id=f48ca05d-c8a1-4d8b-927c-69b0f595ee2f fwd="175.156.198.141" dyno=web.1 connect=1ms service=7ms status=302 bytes=3002 protocol=https
2017-11-30T14:51:58.324467+00:00 app[web.1]: I, [2017-11-30T14:51:58.324383 #4]  INFO -- omniauth: (shopify) Setup endpoint detected, running now.
2017-11-30T14:51:58.324569+00:00 app[web.1]: I, [2017-11-30T14:51:58.324528 #4]  INFO -- omniauth: (shopify) Callback phase initiated.
2017-11-30T14:51:58.328784+00:00 app[web.1]: D, [2017-11-30T14:51:58.328725 #4] DEBUG -- : [httplog] Connecting: sg-drinks-party.myshopify.com:443
2017-11-30T14:51:58.406943+00:00 app[web.1]: D, [2017-11-30T14:51:58.406835 #4] DEBUG -- : [httplog] Sending: POST http://sg-drinks-party.myshopify.com:443/admin/oauth/access_token
2017-11-30T14:51:58.407011+00:00 app[web.1]: D, [2017-11-30T14:51:58.406958 #4] DEBUG -- : [httplog] Header: user-agent: Faraday v0.9.2
2017-11-30T14:51:58.407067+00:00 app[web.1]: D, [2017-11-30T14:51:58.407019 #4] DEBUG -- : [httplog] Header: content-type: application/x-www-form-urlencoded
2017-11-30T14:51:58.407126+00:00 app[web.1]: D, [2017-11-30T14:51:58.407078 #4] DEBUG -- : [httplog] Header: accept-encoding: gzip;q=1.0,deflate;q=0.6,identity;q=0.3
2017-11-30T14:51:58.407220+00:00 app[web.1]: D, [2017-11-30T14:51:58.407134 #4] DEBUG -- : [httplog] Header: accept: */*
2017-11-30T14:51:58.407276+00:00 app[web.1]: D, [2017-11-30T14:51:58.407229 #4] DEBUG -- : [httplog] Header: connection: close
2017-11-30T14:51:58.407360+00:00 app[web.1]: D, [2017-11-30T14:51:58.407311 #4] DEBUG -- : [httplog] Data: client_id=ca39e1ad3ef61cb46d61311cc8ca5cbf&client_secret=e334c3f009badf61e79db743a64faeaa&code=feda7fd52706e609f3cac70a5d33ee6a&grant_type=authorization_code&redirect_uri=https%3A%2F%2Ffirstorder.herokuapp.com%2Fauth%2Fshopify%2Fcallback
2017-11-30T14:51:58.568877+00:00 app[web.1]: D, [2017-11-30T14:51:58.568776 #4] DEBUG -- : [httplog] Status: 200
2017-11-30T14:51:58.568959+00:00 app[web.1]: D, [2017-11-30T14:51:58.568905 #4] DEBUG -- : [httplog] Benchmark: 0.161375 seconds
2017-11-30T14:51:58.569035+00:00 app[web.1]: D, [2017-11-30T14:51:58.568985 #4] DEBUG -- : [httplog] Header: server: nginx
2017-11-30T14:51:58.569085+00:00 app[web.1]: D, [2017-11-30T14:51:58.569042 #4] DEBUG -- : [httplog] Header: date: Thu, 30 Nov 2017 14:51:58 GMT
2017-11-30T14:51:58.569131+00:00 app[web.1]: D, [2017-11-30T14:51:58.569091 #4] DEBUG -- : [httplog] Header: content-type: application/json; charset=utf-8
2017-11-30T14:51:58.569176+00:00 app[web.1]: D, [2017-11-30T14:51:58.569136 #4] DEBUG -- : [httplog] Header: transfer-encoding: chunked
2017-11-30T14:51:58.569231+00:00 app[web.1]: D, [2017-11-30T14:51:58.569185 #4] DEBUG -- : [httplog] Header: connection: close
2017-11-30T14:51:58.569284+00:00 app[web.1]: D, [2017-11-30T14:51:58.569239 #4] DEBUG -- : [httplog] Header: x-sorting-hat-podid: 14
2017-11-30T14:51:58.569340+00:00 app[web.1]: D, [2017-11-30T14:51:58.569293 #4] DEBUG -- : [httplog] Header: x-sorting-hat-podid-cached: 0
2017-11-30T14:51:58.569398+00:00 app[web.1]: D, [2017-11-30T14:51:58.569349 #4] DEBUG -- : [httplog] Header: x-sorting-hat-shopid: 7041073
2017-11-30T14:51:58.569448+00:00 app[web.1]: D, [2017-11-30T14:51:58.569404 #4] DEBUG -- : [httplog] Header: x-sorting-hat-section: pod
2017-11-30T14:51:58.569500+00:00 app[web.1]: D, [2017-11-30T14:51:58.569457 #4] DEBUG -- : [httplog] Header: x-sorting-hat-shopid-cached: 0
2017-11-30T14:51:58.569549+00:00 app[web.1]: D, [2017-11-30T14:51:58.569508 #4] DEBUG -- : [httplog] Header: vary: Accept-Encoding
2017-11-30T14:51:58.569601+00:00 app[web.1]: D, [2017-11-30T14:51:58.569558 #4] DEBUG -- : [httplog] Header: referrer-policy: origin-when-cross-origin
2017-11-30T14:51:58.569653+00:00 app[web.1]: D, [2017-11-30T14:51:58.569609 #4] DEBUG -- : [httplog] Header: x-frame-options: DENY
2017-11-30T14:51:58.569705+00:00 app[web.1]: D, [2017-11-30T14:51:58.569662 #4] DEBUG -- : [httplog] Header: x-shopid: 7041073
2017-11-30T14:51:58.569758+00:00 app[web.1]: D, [2017-11-30T14:51:58.569714 #4] DEBUG -- : [httplog] Header: x-shardid: 14
2017-11-30T14:51:58.569823+00:00 app[web.1]: D, [2017-11-30T14:51:58.569771 #4] DEBUG -- : [httplog] Header: cache-control: no-cache, no-store
2017-11-30T14:51:58.569879+00:00 app[web.1]: D, [2017-11-30T14:51:58.569833 #4] DEBUG -- : [httplog] Header: strict-transport-security: max-age=7889238
2017-11-30T14:51:58.569937+00:00 app[web.1]: D, [2017-11-30T14:51:58.569889 #4] DEBUG -- : [httplog] Header: set-cookie: _master_udr=BAhJIik4ZThjMjE2Mi05OGIwLTRmNzktOGRlZS1hYjY2ZWQwOGIyMGYGOgZFRg%3D%3D--8ae046493e378d5e855b762178ca1f7b32b34dac; domain=.myshopify.com; path=/admin; expires=Sat, 30 Nov 2019 14:51:58 -0000; secure; HttpOnly, request_method=POST; path=/, _secure_admin_session_id=e8420d6680f02e47d6c27af39a752f8b; path=/admin; expires=Wed, 28 Feb 2018 14:51:58 -0000; secure; HttpOnly
2017-11-30T14:51:58.570009+00:00 app[web.1]: D, [2017-11-30T14:51:58.569955 #4] DEBUG -- : [httplog] Header: content-security-policy: default-src 'self' data: blob: 'unsafe-inline' 'unsafe-eval' https://* shopify-pos://*; block-all-mixed-content; child-src 'self' https://* shopify-pos://*; connect-src 'self' wss://* https://*; script-src https://cdn.shopify.com https://checkout.shopifycs.com https://js-agent.newrelic.com https://bam.nr-data.net https://dme0ih8comzn4.cloudfront.net https://api.stripe.com https://mpsnare.iesnare.com https://appcenter.intuit.com https://www.paypal.com https://maps.googleapis.com https://stats.g.doubleclick.net https://www.google-analytics.com https://visitors.shopify.com https://v.shopify.com https://widget.intercom.io https://js.intercomcdn.com 'self' 'unsafe-inline' 'unsafe-eval'; upgrade-insecure-requests; report-uri /csp-report?source%5Baction%5D=access_token&source%5Bapp%5D=Shopify&source%5Bcontroller%5D=admin%2Foauth&source%5Bsection%5D=admin&source%5Buuid%5D=5d5b5a20-6bdf-4a7e-b122-32f980fde7ba
2017-11-30T14:51:58.570067+00:00 app[web.1]: D, [2017-11-30T14:51:58.570021 #4] DEBUG -- : [httplog] Header: x-content-type-options: nosniff, nosniff
2017-11-30T14:51:58.570120+00:00 app[web.1]: D, [2017-11-30T14:51:58.570075 #4] DEBUG -- : [httplog] Header: x-download-options: noopen
2017-11-30T14:51:58.570176+00:00 app[web.1]: D, [2017-11-30T14:51:58.570131 #4] DEBUG -- : [httplog] Header: x-permitted-cross-domain-policies: none
2017-11-30T14:51:58.570231+00:00 app[web.1]: D, [2017-11-30T14:51:58.570185 #4] DEBUG -- : [httplog] Header: x-xss-protection: 1; mode=block; report=/xss-report?source%5Baction%5D=access_token&source%5Bapp%5D=Shopify&source%5Bcontroller%5D=admin%2Foauth&source%5Bsection%5D=admin&source%5Buuid%5D=5d5b5a20-6bdf-4a7e-b122-32f980fde7ba
2017-11-30T14:51:58.570323+00:00 app[web.1]: D, [2017-11-30T14:51:58.570274 #4] DEBUG -- : [httplog] Header: p3p: CP="NOI DSP COR NID ADMa OPTa OUR NOR"
2017-11-30T14:51:58.570377+00:00 app[web.1]: D, [2017-11-30T14:51:58.570332 #4] DEBUG -- : [httplog] Header: x-dc: chi2,ash
2017-11-30T14:51:58.570428+00:00 app[web.1]: D, [2017-11-30T14:51:58.570385 #4] DEBUG -- : [httplog] Header: x-request-id: 5d5b5a20-6bdf-4a7e-b122-32f980fde7ba
2017-11-30T14:51:58.570606+00:00 app[web.1]: D, [2017-11-30T14:51:58.570554 #4] DEBUG -- : [httplog] Response:
2017-11-30T14:51:58.570608+00:00 app[web.1]: {"access_token":"8ab28030d534176aa55fb5550bd61f65","scope":"read_products,read_orders,write_script_tags"}
2017-11-30T14:51:58.570808+00:00 app[web.1]: I, [2017-11-30T14:51:58.570767 #4]  INFO -- : post https://sg-drinks-party.myshopify.com/admin/oauth/access_token
2017-11-30T14:51:58.570850+00:00 app[web.1]: D, [2017-11-30T14:51:58.570819 #4] DEBUG -- request: User-Agent: "Faraday v0.9.2"
2017-11-30T14:51:58.570851+00:00 app[web.1]: Content-Type: "application/x-www-form-urlencoded"
2017-11-30T14:51:58.570912+00:00 app[web.1]: I, [2017-11-30T14:51:58.570879 #4]  INFO -- Status: 200
2017-11-30T14:51:58.571011+00:00 app[web.1]: D, [2017-11-30T14:51:58.570974 #4] DEBUG -- response: server: "nginx"
2017-11-30T14:51:58.571013+00:00 app[web.1]: date: "Thu, 30 Nov 2017 14:51:58 GMT"
2017-11-30T14:51:58.571013+00:00 app[web.1]: content-type: "application/json; charset=utf-8"
2017-11-30T14:51:58.571014+00:00 app[web.1]: transfer-encoding: "chunked"
2017-11-30T14:51:58.571015+00:00 app[web.1]: connection: "close"
2017-11-30T14:51:58.571015+00:00 app[web.1]: x-sorting-hat-podid: "14"
2017-11-30T14:51:58.571016+00:00 app[web.1]: x-sorting-hat-podid-cached: "0"
2017-11-30T14:51:58.571016+00:00 app[web.1]: x-sorting-hat-shopid: "7041073"
2017-11-30T14:51:58.571017+00:00 app[web.1]: x-sorting-hat-section: "pod"
2017-11-30T14:51:58.571018+00:00 app[web.1]: x-sorting-hat-shopid-cached: "0"
2017-11-30T14:51:58.571018+00:00 app[web.1]: vary: "Accept-Encoding"
2017-11-30T14:51:58.571019+00:00 app[web.1]: referrer-policy: "origin-when-cross-origin"
2017-11-30T14:51:58.571019+00:00 app[web.1]: x-frame-options: "DENY"
2017-11-30T14:51:58.571020+00:00 app[web.1]: x-shopid: "7041073"
2017-11-30T14:51:58.571021+00:00 app[web.1]: x-shardid: "14"
2017-11-30T14:51:58.571021+00:00 app[web.1]: cache-control: "no-cache, no-store"
2017-11-30T14:51:58.571022+00:00 app[web.1]: strict-transport-security: "max-age=7889238"
2017-11-30T14:51:58.571023+00:00 app[web.1]: set-cookie: "_master_udr=BAhJIik4ZThjMjE2Mi05OGIwLTRmNzktOGRlZS1hYjY2ZWQwOGIyMGYGOgZFRg%3D%3D--8ae046493e378d5e855b762178ca1f7b32b34dac; domain=.myshopify.com; path=/admin; expires=Sat, 30 Nov 2019 14:51:58 -0000; secure; HttpOnly, request_method=POST; path=/, _secure_admin_session_id=e8420d6680f02e47d6c27af39a752f8b; path=/admin; expires=Wed, 28 Feb 2018 14:51:58 -0000; secure; HttpOnly"
2017-11-30T14:51:58.571024+00:00 app[web.1]: content-security-policy: "default-src 'self' data: blob: 'unsafe-inline' 'unsafe-eval' https://* shopify-pos://*; block-all-mixed-content; child-src 'self' https://* shopify-pos://*; connect-src 'self' wss://* https://*; script-src https://cdn.shopify.com https://checkout.shopifycs.com https://js-agent.newrelic.com https://bam.nr-data.net https://dme0ih8comzn4.cloudfront.net https://api.stripe.com https://mpsnare.iesnare.com https://appcenter.intuit.com https://www.paypal.com https://maps.googleapis.com https://stats.g.doubleclick.net https://www.google-analytics.com https://visitors.shopify.com https://v.shopify.com https://widget.intercom.io https://js.intercomcdn.com 'self' 'unsafe-inline' 'unsafe-eval'; upgrade-insecure-requests; report-uri /csp-report?source%5Baction%5D=access_token&source%5Bapp%5D=Shopify&source%5Bcontroller%5D=admin%2Foauth&source%5Bsection%5D=admin&source%5Buuid%5D=5d5b5a20-6bdf-4a7e-b122-32f980fde7ba"
2017-11-30T14:51:58.571024+00:00 app[web.1]: x-content-type-options: "nosniff, nosniff"
2017-11-30T14:51:58.571025+00:00 app[web.1]: x-download-options: "noopen"
2017-11-30T14:51:58.571025+00:00 app[web.1]: x-permitted-cross-domain-policies: "none"
2017-11-30T14:51:58.571041+00:00 app[web.1]: x-xss-protection: "1; mode=block; report=/xss-report?source%5Baction%5D=access_token&source%5Bapp%5D=Shopify&source%5Bcontroller%5D=admin%2Foauth&source%5Bsection%5D=admin&source%5Buuid%5D=5d5b5a20-6bdf-4a7e-b122-32f980fde7ba"
2017-11-30T14:51:58.571042+00:00 app[web.1]: p3p: "CP=\"NOI DSP COR NID ADMa OPTa OUR NOR\""
2017-11-30T14:51:58.571043+00:00 app[web.1]: x-dc: "chi2,ash"
2017-11-30T14:51:58.571043+00:00 app[web.1]: x-request-id: "5d5b5a20-6bdf-4a7e-b122-32f980fde7ba"
2017-11-30T14:51:58.571514+00:00 app[web.1]: E, [2017-11-30T14:51:58.571460 #4] ERROR -- omniauth: (shopify) Authentication failure! csrf_detected: OmniAuth::Strategies::OAuth2::CallbackError, csrf_detected | CSRF detected
2017-11-30T14:51:58.577031+00:00 heroku[router]: at=info method=GET path="/auth/shopify/callback?code=feda7fd52706e609f3cac70a5d33ee6a&hmac=ceae15356deb9b897273f8423faa5c3464b86394b3584dd4ed7f86da4da66ab6&shop=sg-drinks-party.myshopify.com&state=1436943e91e28a0f9d88930ab36d877fe3e6199b911e0a50&timestamp=1512053518" host=firstorder.herokuapp.com request_id=ee2475c8-5281-44f4-8f51-3dc06e39b9c0 fwd="175.156.198.141" dyno=web.1 connect=6ms service=255ms status=302 bytes=1339 protocol=https
2017-11-30T14:51:58.834411+00:00 heroku[router]: at=info method=GET path="/auth/failure?message=csrf_detected&strategy=shopify" host=firstorder.herokuapp.com request_id=331c4ac1-1332-4f3f-80d4-9f305e5b8784 fwd="175.156.198.141" dyno=web.1 connect=1ms service=4ms status=200 bytes=1461 protocol=https
2017-11-30T14:54:01.855466+00:00 heroku[router]: at=info method=POST path="/order" host=firstorder.herokuapp.com request_id=9ff56568-1e7f-4d30-b026-2a0523cd6971 fwd="23.227.37.123" dyno=web.1 connect=0ms service=13ms status=200 bytes=1335 protocol=https
2017-11-30T14:54:01.850714+00:00 app[web.1]: the discount code does not match
2017-11-30T14:54:27.741203+00:00 heroku[router]: at=info method=GET path="/load_first_order.js?shop=sanj-apparel.myshopify.com" host=firstorder.herokuapp.com request_id=1bc18b4d-504e-43ea-9587-962d1deb2eff fwd="66.249.66.7" dyno=web.1 connect=2ms service=17ms status=200 bytes=25697 protocol=https
2017-11-30T14:54:28.661188+00:00 heroku[router]: at=info method=GET path="/proxy/?shop=sanj-apparel.myshopify.com&path_prefix=%2Fapps%2Ftest&timestamp=1512053668&signature=47646d8ccde52e4a4d6ae730b5986b1d239a75efb95ff496dc4de0bfa33cb629" host=firstorder.herokuapp.com request_id=eb93b921-0406-4354-9058-28c271c6b199 fwd="66.249.65.214, 173.245.50.96, 172.20.32.19,23.227.55.102" dyno=web.1 connect=1ms service=3ms status=200 bytes=2427 protocol=https
2017-11-30T14:54:28.653167+00:00 app[web.1]: redirecting to shopify for authentication
2017-11-30T14:54:49.934624+00:00 heroku[router]: at=info method=GET path="/load_first_order.js?shop=sanj-apparel.myshopify.com" host=firstorder.herokuapp.com request_id=30ddd08a-0f54-4d9e-911d-111703dcea72 fwd="66.249.66.7" dyno=web.1 connect=1ms service=10ms status=200 bytes=25697 protocol=https
2017-11-30T14:54:50.216349+00:00 heroku[router]: at=info method=GET path="/proxy/?shop=sanj-apparel.myshopify.com&path_prefix=%2Fapps%2Ftest&timestamp=1512053690&signature=5c1a0fe75f0394ead3f1752e68ef06a603bceb39f6cf883b13318161ef53995c" host=firstorder.herokuapp.com request_id=e431e4dd-372e-4a31-a374-ec696781b72d fwd="66.249.65.212, 173.245.50.96, 172.20.16.26,23.227.55.102" dyno=web.1 connect=0ms service=3ms status=200 bytes=2427 protocol=https
2017-11-30T14:54:50.210769+00:00 app[web.1]: redirecting to shopify for authentication
2017-11-30T14:55:10.081638+00:00 heroku[router]: at=info method=GET path="/load_first_order.js?shop=sanj-apparel.myshopify.com" host=firstorder.herokuapp.com request_id=3c0c8b4f-6fce-4e5f-beff-d8b033d4353b fwd="66.249.66.11" dyno=web.1 connect=1ms service=9ms status=200 bytes=25697 protocol=https
2017-11-30T14:55:11.258759+00:00 heroku[router]: at=info method=GET path="/proxy/?shop=sanj-apparel.myshopify.com&path_prefix=%2Fapps%2Ftest&timestamp=1512053711&signature=d604a7a2dbcf42b0557f7b5de6b4c384e97a2389a35d348823c6a5012055732e" host=firstorder.herokuapp.com request_id=c7f217ba-c71f-4694-8656-5f17fe804a2b fwd="66.249.65.214, 173.245.50.96, 172.20.32.19,23.227.55.100" dyno=web.1 connect=0ms service=4ms status=200 bytes=2427 protocol=https
2017-11-30T14:55:11.252997+00:00 app[web.1]: redirecting to shopify for authentication
2017-11-30T14:55:37.666324+00:00 heroku[router]: at=info method=GET path="/load_first_order.js?shop=sanj-apparel.myshopify.com" host=firstorder.herokuapp.com request_id=4fc32544-fd5a-417c-aa21-c74b7f552308 fwd="73.190.78.211" dyno=web.1 connect=1ms service=8ms status=200 bytes=25697 protocol=https
2017-11-30T14:55:38.171591+00:00 heroku[router]: at=info method=GET path="/proxy/?shop=sanj-apparel.myshopify.com&path_prefix=%2Fapps%2Ftest&timestamp=1512053738&signature=ac372d5803cd599cee6f607b12a1bce2d08692f94c349c4e597de5c7cac36d3f" host=firstorder.herokuapp.com request_id=1d8fb8a8-8186-4e77-a29d-cdf98ea7de74 fwd="2601:1c0:5500:ace2:844b:e479:44d3:abfb, 172.68.174.46, 172.24.168.30,23.227.37.115" dyno=web.1 connect=0ms service=2ms status=200 bytes=2427 protocol=https
2017-11-30T14:55:38.166938+00:00 app[web.1]: redirecting to shopify for authentication
2017-11-30T14:55:45.082708+00:00 heroku[router]: at=info method=GET path="/load_first_order.js?shop=sanj-apparel.myshopify.com" host=firstorder.herokuapp.com request_id=ce530f69-7750-40d3-81f4-6db8ee145541 fwd="66.249.66.14" dyno=web.1 connect=1ms service=9ms status=200 bytes=25697 protocol=https
2017-11-30T14:55:47.138950+00:00 heroku[router]: at=info method=GET path="/proxy/?shop=sanj-apparel.myshopify.com&path_prefix=%2Fapps%2Ftest&timestamp=1512053747&signature=5c303aefafda566ef558675049547dbee7c36111ccf7ca14cd7de16f3960bb2b" host=firstorder.herokuapp.com request_id=9b55dc83-e572-4399-ab3e-b1cb68d5ee6e fwd="66.249.65.212, 173.245.50.96, 172.20.32.19,23.227.55.100" dyno=web.1 connect=0ms service=3ms status=200 bytes=2427 protocol=https
2017-11-30T14:55:47.133884+00:00 app[web.1]: redirecting to shopify for authentication
2017-11-30T14:56:08.259369+00:00 heroku[router]: at=info method=GET path="/load_first_order.js?shop=om-nutrition-and-fitness-club.myshopify.com" host=firstorder.herokuapp.com request_id=f7c23f3d-31a7-4f27-95e8-7558ba570380 fwd="49.34.146.136" dyno=web.1 connect=0ms service=8ms status=200 bytes=25716 protocol=https
2017-11-30T14:56:16.143564+00:00 heroku[router]: at=info method=GET path="/load_first_order.js?shop=barn-fox.myshopify.com" host=firstorder.herokuapp.com request_id=77b9928d-6c03-425b-a88d-4fe294e07204 fwd="198.21.189.213" dyno=web.1 connect=0ms service=7ms status=200 bytes=25685 protocol=https
2017-11-30T14:56:16.321097+00:00 heroku[router]: at=info method=GET path="/proxy/?shop=barn-fox.myshopify.com&path_prefix=%2Fapps%2Ftest&timestamp=1512053776&signature=9e3645ba3aa33acfda54e8c9bcb91cc8321e4b9a254d79e42811673d2b599f93" host=firstorder.herokuapp.com request_id=b7686ff0-ccde-409d-b1b9-f2b8581b9c57 fwd="198.21.189.213, 172.20.8.27,23.227.55.100" dyno=web.1 connect=0ms service=4ms status=200 bytes=2427 protocol=https
2017-11-30T14:56:16.316548+00:00 app[web.1]: redirecting to shopify for authentication
